###############################################################################
#
# IAR ELF Linker V8.30.2.160/W32 for ARM                  06/Nov/2018  13:10:23
# Copyright 2007-2018 IAR Systems AB.
#
#    Output file  =  
#        C:\Projetos\STLINK\StandAlone_FINAL\StandAlone\Project\Debug\Exe\ToggleLed.out
#    Map file     =  
#        C:\Projetos\STLINK\StandAlone_FINAL\StandAlone\Project\Debug\List\ToggleLed.map
#    Command line =  
#        -f C:\Users\BRUNOM~1\AppData\Local\Temp\EW3B56.tmp
#        (C:\Projetos\STLINK\StandAlone_FINAL\StandAlone\Project\Debug\Obj\auxiliar.o
#        C:\Projetos\STLINK\StandAlone_FINAL\StandAlone\Project\Debug\Obj\gpio.o
#        C:\Projetos\STLINK\StandAlone_FINAL\StandAlone\Project\Debug\Obj\HexCode.o
#        C:\Projetos\STLINK\StandAlone_FINAL\StandAlone\Project\Debug\Obj\main.o
#        C:\Projetos\STLINK\StandAlone_FINAL\StandAlone\Project\Debug\Obj\misc.o
#        C:\Projetos\STLINK\StandAlone_FINAL\StandAlone\Project\Debug\Obj\startup_stm32f10x_md.o
#        C:\Projetos\STLINK\StandAlone_FINAL\StandAlone\Project\Debug\Obj\stm32f10x_adc.o
#        C:\Projetos\STLINK\StandAlone_FINAL\StandAlone\Project\Debug\Obj\stm32f10x_bkp.o
#        C:\Projetos\STLINK\StandAlone_FINAL\StandAlone\Project\Debug\Obj\stm32f10x_can.o
#        C:\Projetos\STLINK\StandAlone_FINAL\StandAlone\Project\Debug\Obj\stm32f10x_cec.o
#        C:\Projetos\STLINK\StandAlone_FINAL\StandAlone\Project\Debug\Obj\stm32f10x_crc.o
#        C:\Projetos\STLINK\StandAlone_FINAL\StandAlone\Project\Debug\Obj\stm32f10x_dac.o
#        C:\Projetos\STLINK\StandAlone_FINAL\StandAlone\Project\Debug\Obj\stm32f10x_dbgmcu.o
#        C:\Projetos\STLINK\StandAlone_FINAL\StandAlone\Project\Debug\Obj\stm32f10x_dma.o
#        C:\Projetos\STLINK\StandAlone_FINAL\StandAlone\Project\Debug\Obj\stm32f10x_exti.o
#        C:\Projetos\STLINK\StandAlone_FINAL\StandAlone\Project\Debug\Obj\stm32f10x_flash.o
#        C:\Projetos\STLINK\StandAlone_FINAL\StandAlone\Project\Debug\Obj\stm32f10x_fsmc.o
#        C:\Projetos\STLINK\StandAlone_FINAL\StandAlone\Project\Debug\Obj\stm32f10x_gpio.o
#        C:\Projetos\STLINK\StandAlone_FINAL\StandAlone\Project\Debug\Obj\stm32f10x_i2c.o
#        C:\Projetos\STLINK\StandAlone_FINAL\StandAlone\Project\Debug\Obj\stm32f10x_it.o
#        C:\Projetos\STLINK\StandAlone_FINAL\StandAlone\Project\Debug\Obj\stm32f10x_iwdg.o
#        C:\Projetos\STLINK\StandAlone_FINAL\StandAlone\Project\Debug\Obj\stm32f10x_pwr.o
#        C:\Projetos\STLINK\StandAlone_FINAL\StandAlone\Project\Debug\Obj\stm32f10x_rcc.o
#        C:\Projetos\STLINK\StandAlone_FINAL\StandAlone\Project\Debug\Obj\stm32f10x_rtc.o
#        C:\Projetos\STLINK\StandAlone_FINAL\StandAlone\Project\Debug\Obj\stm32f10x_sdio.o
#        C:\Projetos\STLINK\StandAlone_FINAL\StandAlone\Project\Debug\Obj\stm32f10x_spi.o
#        C:\Projetos\STLINK\StandAlone_FINAL\StandAlone\Project\Debug\Obj\stm32f10x_tim.o
#        C:\Projetos\STLINK\StandAlone_FINAL\StandAlone\Project\Debug\Obj\stm32f10x_usart.o
#        C:\Projetos\STLINK\StandAlone_FINAL\StandAlone\Project\Debug\Obj\stm32f10x_wwdg.o
#        C:\Projetos\STLINK\StandAlone_FINAL\StandAlone\Project\Debug\Obj\STM8_program.o
#        C:\Projetos\STLINK\StandAlone_FINAL\StandAlone\Project\Debug\Obj\SWIM.o
#        C:\Projetos\STLINK\StandAlone_FINAL\StandAlone\Project\Debug\Obj\syncsw.o
#        C:\Projetos\STLINK\StandAlone_FINAL\StandAlone\Project\Debug\Obj\system_stm32f10x.o
#        C:\Projetos\STLINK\StandAlone_FINAL\StandAlone\Project\Debug\Obj\tim.o
#        --redirect _Printf=_PrintfFullNoMb --redirect _Scanf=_ScanfFullNoMb
#        --no_out_extension -o
#        C:\Projetos\STLINK\StandAlone_FINAL\StandAlone\Project\Debug\Exe\ToggleLed.out
#        --map
#        C:\Projetos\STLINK\StandAlone_FINAL\StandAlone\Project\Debug\List\ToggleLed.map
#        --config
#        C:\Projetos\STLINK\StandAlone_FINAL\StandAlone\Project\stm32f10x_flash.icf
#        --semihosting --entry __iar_program_start --vfe --text_out locale)
#
###############################################################################

*******************************************************************************
*** RUNTIME MODEL ATTRIBUTES
***

CppFlavor       = *
__SystemLibrary = DLib
__dlib_version  = 6


*******************************************************************************
*** HEAP SELECTION
***

The basic heap was selected because no calls to memory allocation
functions were found in the application outside of system library
functions, and there are calls to deallocation functions in the
application.


*******************************************************************************
*** PLACEMENT SUMMARY
***

"A0":  place at 0x800'0000 { ro section .intvec };
"P1":  place in [from 0x800'0000 to 0x80f'ffff] { ro };
define block CSTACK with size = 1K, alignment = 8 { };
define block HEAP with size = 512, alignment = 8 { };
"P2":  place in [from 0x2000'0000 to 0x2001'7fff] {
          rw, block CSTACK, block HEAP };
initialize by copy { rw };

  Section            Kind         Address    Size  Object
  -------            ----         -------    ----  ------
"A0":                                        0xec
  .intvec            ro code   0x800'0000    0xec  startup_stm32f10x_md.o [1]
                             - 0x800'00ec    0xec

"P1":                                      0x3de2
  .rodata            const     0x800'00ec  0x2280  HexCode.o [1]
  .text              ro code   0x800'236c   0x88c  STM8_program.o [1]
  .text              ro code   0x800'2bf8   0x124  stm32f10x_gpio.o [1]
  .text              ro code   0x800'2d1c   0x118  auxiliar.o [1]
  .text              ro code   0x800'2e34   0x260  syncsw.o [1]
  .text              ro code   0x800'3094   0x522  SWIM.o [1]
  .text              ro code   0x800'35b6    0x3a  zero_init3.o [3]
  .text              ro code   0x800'35f0    0x50  stm32f10x_rcc.o [1]
  .text              ro code   0x800'3640   0x190  stm32f10x_dma.o [1]
  .text              ro code   0x800'37d0   0x1b8  stm32f10x_tim.o [1]
  .text              ro code   0x800'3988    0xfc  system_stm32f10x.o [1]
  .text              ro code   0x800'3a84    0xf8  main.o [1]
  .text              ro code   0x800'3b7c    0x40  gpio.o [1]
  .text              ro code   0x800'3bbc    0xb4  tim.o [1]
  .text              ro code   0x800'3c70    0x78  misc.o [1]
  .text              ro code   0x800'3ce8    0x38  packbits_init_single.o [3]
  .text              ro code   0x800'3d20    0x28  stm32f10x_it.o [1]
  .text              ro code   0x800'3d48    0x28  data_init.o [3]
  .iar.init_table    const     0x800'3d70    0x20  - Linker created -
  .text              ro code   0x800'3d90    0x1e  cmain.o [3]
  .text              ro code   0x800'3dae     0x4  low_level_init.o [2]
  .text              ro code   0x800'3db2     0x4  exit.o [2]
  .text              ro code   0x800'3db8     0xa  cexit.o [3]
  .text              ro code   0x800'3dc4    0x14  exit.o [4]
  .text              ro code   0x800'3dd8    0x10  startup_stm32f10x_md.o [1]
  .text              ro code   0x800'3de8     0xc  cstartup_M.o [3]
  .text              ro code   0x800'3df4     0x4  startup_stm32f10x_md.o [1]
  .text              ro code   0x800'3df8     0x4  startup_stm32f10x_md.o [1]
  .text              ro code   0x800'3dfc     0x4  startup_stm32f10x_md.o [1]
  .text              ro code   0x800'3e00     0x4  startup_stm32f10x_md.o [1]
  .text              ro code   0x800'3e04     0x4  startup_stm32f10x_md.o [1]
  .text              ro code   0x800'3e08     0x4  startup_stm32f10x_md.o [1]
  .text              ro code   0x800'3e0c     0x4  startup_stm32f10x_md.o [1]
  .text              ro code   0x800'3e10     0x4  startup_stm32f10x_md.o [1]
  .text              ro code   0x800'3e14     0x4  startup_stm32f10x_md.o [1]
  .text              ro code   0x800'3e18     0x4  startup_stm32f10x_md.o [1]
  .text              ro code   0x800'3e1c     0x4  startup_stm32f10x_md.o [1]
  .text              ro code   0x800'3e20     0x4  startup_stm32f10x_md.o [1]
  .text              ro code   0x800'3e24     0x4  startup_stm32f10x_md.o [1]
  .text              ro code   0x800'3e28     0x4  startup_stm32f10x_md.o [1]
  .text              ro code   0x800'3e2c     0x4  startup_stm32f10x_md.o [1]
  .text              ro code   0x800'3e30     0x4  startup_stm32f10x_md.o [1]
  .text              ro code   0x800'3e34     0x4  startup_stm32f10x_md.o [1]
  .text              ro code   0x800'3e38     0x4  startup_stm32f10x_md.o [1]
  .text              ro code   0x800'3e3c     0x4  startup_stm32f10x_md.o [1]
  .text              ro code   0x800'3e40     0x4  startup_stm32f10x_md.o [1]
  .text              ro code   0x800'3e44     0x4  startup_stm32f10x_md.o [1]
  .text              ro code   0x800'3e48     0x4  startup_stm32f10x_md.o [1]
  .text              ro code   0x800'3e4c     0x4  startup_stm32f10x_md.o [1]
  .text              ro code   0x800'3e50     0x4  startup_stm32f10x_md.o [1]
  .text              ro code   0x800'3e54     0x4  startup_stm32f10x_md.o [1]
  .text              ro code   0x800'3e58     0x4  startup_stm32f10x_md.o [1]
  .text              ro code   0x800'3e5c     0x4  startup_stm32f10x_md.o [1]
  .text              ro code   0x800'3e60     0x4  startup_stm32f10x_md.o [1]
  .text              ro code   0x800'3e64     0x4  startup_stm32f10x_md.o [1]
  .text              ro code   0x800'3e68     0x4  startup_stm32f10x_md.o [1]
  .text              ro code   0x800'3e6c     0x4  startup_stm32f10x_md.o [1]
  .text              ro code   0x800'3e70     0x4  startup_stm32f10x_md.o [1]
  .text              ro code   0x800'3e74     0x4  startup_stm32f10x_md.o [1]
  .text              ro code   0x800'3e78     0x4  startup_stm32f10x_md.o [1]
  .text              ro code   0x800'3e7c     0x4  startup_stm32f10x_md.o [1]
  .text              ro code   0x800'3e80     0x4  startup_stm32f10x_md.o [1]
  .text              ro code   0x800'3e84     0x4  startup_stm32f10x_md.o [1]
  .text              ro code   0x800'3e88     0x4  startup_stm32f10x_md.o [1]
  .text              ro code   0x800'3e8c     0x4  startup_stm32f10x_md.o [1]
  .text              ro code   0x800'3e90     0x4  startup_stm32f10x_md.o [1]
  .text              ro code   0x800'3e94     0x4  startup_stm32f10x_md.o [1]
  .text              ro code   0x800'3e98     0x4  startup_stm32f10x_md.o [1]
  .text              ro code   0x800'3e9c     0x4  startup_stm32f10x_md.o [1]
  .text              ro code   0x800'3ea0     0x4  startup_stm32f10x_md.o [1]
  .text              ro code   0x800'3ea4     0x4  startup_stm32f10x_md.o [1]
  .text              ro code   0x800'3ea8     0x4  startup_stm32f10x_md.o [1]
  .text              ro code   0x800'3eac     0x4  startup_stm32f10x_md.o [1]
  .text              ro code   0x800'3eb0     0x4  startup_stm32f10x_md.o [1]
  .text              ro code   0x800'3eb4     0x4  startup_stm32f10x_md.o [1]
  .text              ro code   0x800'3eb8     0x4  startup_stm32f10x_md.o [1]
  .text              ro code   0x800'3ebc     0x4  startup_stm32f10x_md.o [1]
  .text              ro code   0x800'3ec0     0x4  startup_stm32f10x_md.o [1]
  .rodata            const     0x800'3ec4     0x0  zero_init3.o [3]
  .rodata            const     0x800'3ec4     0x0  packbits_init_single.o [3]
  Initializer bytes  const     0x800'3ec4     0xa  <for P2-1>
                             - 0x800'3ece  0x3de2

"P2", part 1 of 3:                           0xaa
  P2-1                        0x2000'0000    0xaa  <Init block>
    .data            inited   0x2000'0000    0xa8  STM8_program.o [1]
    .data            inited   0x2000'00a8     0x1  main.o [1]
    .data            inited   0x2000'00a9     0x1  STM8_program.o [1]
                            - 0x2000'00aa    0xaa

"P2", part 2 of 3:                          0x160
  .bss               zero     0x2000'00ac   0x12c  SWIM.o [1]
  .bss               zero     0x2000'01d8    0x28  SWIM.o [1]
  .bss               zero     0x2000'0200     0x4  gpio.o [1]
  .bss               zero     0x2000'0204     0x4  tim.o [1]
  .bss               zero     0x2000'0208     0x1  SWIM.o [1]
                            - 0x2000'0209   0x15d

"P2", part 3 of 3:                          0x400
  CSTACK                      0x2000'0210   0x400  <Block>
    CSTACK           uninit   0x2000'0210   0x400  <Block tail>
                            - 0x2000'0610   0x400

Unused ranges:

         From           To      Size
         ----           --      ----
   0x800'3ece   0x80f'ffff  0xf'c132
  0x2000'00aa  0x2000'00ab       0x2
  0x2000'020c  0x2000'020f       0x4
  0x2000'0610  0x2001'7fff  0x1'79f0


*******************************************************************************
*** INIT TABLE
***

          Address      Size
          -------      ----
Zero (__iar_zero_init3)
    1 destination range, total size 0x15d:
          0x2000'00ac  0x15d

Copy/packbits (__iar_packbits_init_single3)
    1 source range, total size 0xa (5% of destination):
           0x800'3ec4    0xa
    1 destination range, total size 0xaa:
          0x2000'0000   0xaa



*******************************************************************************
*** MODULE SUMMARY
***

    Module                  ro code  ro data  rw data
    ------                  -------  -------  -------
command line/config:
    -------------------------------------------------
    Total:

C:\Projetos\STLINK\StandAlone_FINAL\StandAlone\Project\Debug\Obj: [1]
    HexCode.o                          8 832
    STM8_program.o            2 188       10      169
    SWIM.o                    1 314               341
    auxiliar.o                  280
    gpio.o                       64                 4
    main.o                      248                 1
    misc.o                      120
    startup_stm32f10x_md.o      460
    stm32f10x_dma.o             400
    stm32f10x_gpio.o            292
    stm32f10x_it.o               40
    stm32f10x_rcc.o              80
    stm32f10x_tim.o             440
    syncsw.o                    608
    system_stm32f10x.o          252
    tim.o                       180                 4
    -------------------------------------------------
    Total:                    6 966    8 842      519

dl7M_tln.a: [2]
    exit.o                        4
    low_level_init.o              4
    -------------------------------------------------
    Total:                        8

rt7M_tl.a: [3]
    cexit.o                      10
    cmain.o                      30
    cstartup_M.o                 12
    data_init.o                  40
    packbits_init_single.o       56
    zero_init3.o                 58
    -------------------------------------------------
    Total:                      206

shb_l.a: [4]
    exit.o                       20
    -------------------------------------------------
    Total:                       20

    Gaps                          4
    Linker created                        32    1 024
-----------------------------------------------------
    Grand Total:              7 204    8 874    1 543


*******************************************************************************
*** ENTRY LIST
***

Entry                       Address    Size  Type      Object
-----                       -------    ----  ----      ------
.iar.init_table$$Base    0x800'3d70           --   Gb  - Linker created -
.iar.init_table$$Limit   0x800'3d90           --   Gb  - Linker created -
?main                    0x800'3d91          Code  Gb  cmain.o [3]
BusFault_Handler         0x800'3d27     0x2  Code  Gb  stm32f10x_it.o [1]
CSTACK$$Base            0x2000'0210           --   Gb  - Linker created -
CSTACK$$Limit           0x2000'0610           --   Gb  - Linker created -
DELAYTIMER_DelayUS       0x800'2e21    0x14  Code  Gb  auxiliar.o [1]
DELAYTIMER_DelayUS_End   0x800'2e01    0x10  Code  Gb  auxiliar.o [1]
DELAYTIMER_DelayUS_IsReady
                         0x800'2df7     0xa  Code  Gb  auxiliar.o [1]
DELAYTIMER_DelayUS_Start
                         0x800'2de3    0x14  Code  Gb  auxiliar.o [1]
DELAYTIMER_INIT          0x800'2dc3    0x20  Code  Gb  auxiliar.o [1]
DMA_Cmd                  0x800'377d    0x1a  Code  Gb  stm32f10x_dma.o [1]
DMA_DeInit               0x800'3641    0xec  Code  Gb  stm32f10x_dma.o [1]
DMA_Init                 0x800'372d    0x36  Code  Gb  stm32f10x_dma.o [1]
DMA_StructInit           0x800'3763    0x1a  Code  Gb  stm32f10x_dma.o [1]
DebugMon_Handler         0x800'3d2d     0x2  Code  Gb  stm32f10x_it.o [1]
DelayUS                  0x800'2d9f    0x24  Code  Gb  auxiliar.o [1]
EEPROMInit               0x800'00ec   0x280  Data  Gb  HexCode.o [1]
Error_handler            0x800'3b37    0x32  Code  Gb  main.o [1]
FlashWrMode             0x2000'0087     0x1  Data  Gb  STM8_program.o [1]
GPIO_ClrPins             0x800'2d75     0xa  Code  Gb  auxiliar.o [1]
GPIO_Config              0x800'3b7d    0x40  Code  Gb  gpio.o [1]
GPIO_Init                0x800'2bf9    0x9c  Code  Gb  stm32f10x_gpio.o [1]
GPIO_InitStructure      0x2000'0200     0x4  Data  Gb  gpio.o [1]
GPIO_PinRemapConfig      0x800'2caf    0x6a  Code  Gb  stm32f10x_gpio.o [1]
GPIO_ReadOutputDataBit   0x800'2c95     0xe  Code  Gb  stm32f10x_gpio.o [1]
GPIO_SetMode             0x800'2d1d    0x4e  Code  Gb  auxiliar.o [1]
GPIO_SetPins             0x800'2d6b     0xa  Code  Gb  auxiliar.o [1]
GPIO_WriteBit            0x800'2ca3     0xc  Code  Gb  stm32f10x_gpio.o [1]
HardFault_Handler        0x800'3d23     0x2  Code  Gb  stm32f10x_it.o [1]
MemManage_Handler        0x800'3d25     0x2  Code  Gb  stm32f10x_it.o [1]
NMI_Handler              0x800'3d21     0x2  Code  Gb  stm32f10x_it.o [1]
NVIC_Init                0x800'3c7b    0x5a  Code  Gb  misc.o [1]
NVIC_PriorityGroupConfig
                         0x800'3c71     0xa  Code  Gb  misc.o [1]
OptionBytesRead         0x2000'009c     0xc  Data  Gb  STM8_program.o [1]
PendSV_Handler           0x800'3d2f     0x2  Code  Gb  stm32f10x_it.o [1]
ProgInit                 0x800'036c  0x2000  Data  Gb  HexCode.o [1]
RCC_AHBPeriphClockCmd    0x800'35f1    0x16  Code  Gb  stm32f10x_rcc.o [1]
RCC_APB1PeriphClockCmd   0x800'361d    0x16  Code  Gb  stm32f10x_rcc.o [1]
RCC_APB2PeriphClockCmd   0x800'3607    0x16  Code  Gb  stm32f10x_rcc.o [1]
Region$$Table$$Base      0x800'3d70           --   Gb  - Linker created -
Region$$Table$$Limit     0x800'3d90           --   Gb  - Linker created -
STM8_program             0x800'236d   0x7ee  Code  Gb  STM8_program.o [1]
SVC_Handler              0x800'3d2b     0x2  Code  Gb  stm32f10x_it.o [1]
SWIM_CLR                 0x800'2d87    0x18  Code  Gb  auxiliar.o [1]
SWIM_DMA_IN_Buffer      0x2000'00ac   0x12c  Data  Lc  SWIM.o [1]
SWIM_DMA_OUT_Buffer     0x2000'01d8    0x20  Data  Lc  SWIM.o [1]
SWIM_ENABLE_W_OPTION_BYTE
                         0x800'3553    0x28  Code  Gb  SWIM.o [1]
SWIM_EnableClockInput    0x800'30a7     0xa  Code  Gb  SWIM.o [1]
SWIM_EnterProgMode       0x800'30b1    0x72  Code  Gb  SWIM.o [1]
SWIM_Estado             0x2000'0086     0x1  Data  Gb  STM8_program.o [1]
SWIM_HW_In               0x800'329f    0x8e  Code  Gb  SWIM.o [1]
SWIM_HW_Out              0x800'31a3    0xfc  Code  Gb  SWIM.o [1]
SWIM_Init                0x800'3095    0x12  Code  Gb  SWIM.o [1]
SWIM_Inited             0x2000'0208     0x1  Data  Gb  SWIM.o [1]
SWIM_OPTION_BYTES        0x800'34e7    0x6c  Code  Gb  SWIM.o [1]
SWIM_PULSE_0            0x2000'01f8     0x2  Data  Lc  SWIM.o [1]
SWIM_PULSE_1            0x2000'01fa     0x2  Data  Lc  SWIM.o [1]
SWIM_PULSE_Threshold    0x2000'01fc     0x2  Data  Lc  SWIM.o [1]
SWIM_ROTF                0x800'3413    0xd4  Code  Gb  SWIM.o [1]
SWIM_SET                 0x800'2d7f     0x8  Code  Gb  auxiliar.o [1]
SWIM_SRST                0x800'3341     0x8  Code  Gb  SWIM.o [1]
SWIM_SetClockParam       0x800'3123    0x80  Code  Gb  SWIM.o [1]
SWIM_WOTF                0x800'3349    0xca  Code  Gb  SWIM.o [1]
SWIM_W_OPTION_BYTE       0x800'357b    0x3c  Code  Gb  SWIM.o [1]
SWIM_clock_div          0x2000'01fe     0x2  Data  Gb  SWIM.o [1]
SW_RST_CLR               0x800'3067     0x8  Code  Gb  syncsw.o [1]
SW_RST_DIR_INIT          0x800'3055     0xa  Code  Gb  syncsw.o [1]
SW_RST_SET               0x800'305f     0x8  Code  Gb  syncsw.o [1]
SYNCSWPWM_IN_TIMER_DMA_INIT
                         0x800'2fcf    0x18  Code  Gb  syncsw.o [1]
SYNCSWPWM_IN_TIMER_DMA_WAIT
                         0x800'2fe7    0x1a  Code  Gb  syncsw.o [1]
SYNCSWPWM_IN_TIMER_INIT
                         0x800'2f29    0xa6  Code  Gb  syncsw.o [1]
SYNCSWPWM_OUT_TIMER_DMA_INIT
                         0x800'300b    0x1e  Code  Gb  syncsw.o [1]
SYNCSWPWM_OUT_TIMER_DMA_WAIT
                         0x800'3029    0x10  Code  Gb  syncsw.o [1]
SYNCSWPWM_OUT_TIMER_INIT
                         0x800'2e35    0xf4  Code  Gb  syncsw.o [1]
SYNCSWPWM_OUT_TIMER_SetCycle
                         0x800'3001     0xa  Code  Gb  syncsw.o [1]
SYNCSW_DIR_INIT          0x800'3039    0x1c  Code  Gb  syncsw.o [1]
SetSysClock              0x800'39c9     0x2  Code  Lc  system_stm32f10x.o [1]
SetSysClockTo72          0x800'39cb    0xa4  Code  Lc  system_stm32f10x.o [1]
SysTick_Handler          0x800'3d31     0x2  Code  Gb  stm32f10x_it.o [1]
SystemInit               0x800'3989    0x40  Code  Gb  system_stm32f10x.o [1]
TIM3_Config              0x800'3bbd    0x76  Code  Gb  tim.o [1]
TIM3_IRQHandler          0x800'3d33    0x12  Code  Gb  stm32f10x_it.o [1]
TIM3_Update_Callback     0x800'3c61    0x10  Code  Wk  tim.o [1]
TIM4_Config              0x800'3c39    0x28  Code  Gb  tim.o [1]
TIM_ARRPreloadConfig     0x800'3929    0x1a  Code  Gb  stm32f10x_tim.o [1]
TIM_ClearFlag            0x800'3953     0x6  Code  Gb  stm32f10x_tim.o [1]
TIM_ClearITPendingBit    0x800'3959     0x6  Code  Gb  stm32f10x_tim.o [1]
TIM_Cmd                  0x800'38e1    0x1a  Code  Gb  stm32f10x_tim.o [1]
TIM_DMACmd               0x800'390f    0x14  Code  Gb  stm32f10x_tim.o [1]
TIM_ITConfig             0x800'38fb    0x14  Code  Gb  stm32f10x_tim.o [1]
TIM_OC4Init              0x800'3861    0x5a  Code  Gb  stm32f10x_tim.o [1]
TIM_OC4PreloadConfig     0x800'3943    0x10  Code  Gb  stm32f10x_tim.o [1]
TIM_OCStructInit         0x800'38cd    0x14  Code  Gb  stm32f10x_tim.o [1]
TIM_PrescalerConfig      0x800'3923     0x6  Code  Gb  stm32f10x_tim.o [1]
TIM_TimeBaseInit         0x800'37d1    0x90  Code  Gb  stm32f10x_tim.o [1]
TIM_TimeBaseStructInit   0x800'38bb    0x12  Code  Gb  stm32f10x_tim.o [1]
TxTeste                 0x2000'0000    0x84  Data  Gb  STM8_program.o [1]
UsageFault_Handler       0x800'3d29     0x2  Code  Gb  stm32f10x_it.o [1]
WriteEEPROMData          0x800'2b5b    0x82  Code  Gb  STM8_program.o [1]
__cmain                  0x800'3d91          Code  Gb  cmain.o [3]
__exit                   0x800'3dc5    0x14  Code  Gb  exit.o [4]
__iar_data_init3         0x800'3d49    0x28  Code  Gb  data_init.o [3]
__iar_packbits_init_single3
                         0x800'3ce9    0x38  Code  Gb  packbits_init_single.o [3]
__iar_program_start      0x800'3de9          Code  Gb  cstartup_M.o [3]
__iar_zero_init3         0x800'35b7    0x3a  Code  Gb  zero_init3.o [3]
__low_level_init         0x800'3daf     0x4  Code  Gb  low_level_init.o [2]
__vector_table           0x800'0000          Data  Gb  startup_stm32f10x_md.o [1]
_call_main               0x800'3d9d          Code  Gb  cmain.o [3]
_exit                    0x800'3db9          Code  Gb  cexit.o [3]
_main                    0x800'3dab          Code  Gb  cmain.o [3]
addr                    0x2000'0094     0x4  Data  Gb  STM8_program.o [1]
addr2                   0x2000'0098     0x4  Data  Gb  STM8_program.o [1]
alerta_regravavao_LED    0x800'3ad5    0x62  Code  Gb  main.o [1]
block_num               0x2000'0088     0x1  Data  Gb  STM8_program.o [1]
byte_num                0x2000'008e     0x2  Data  Gb  STM8_program.o [1]
byte_num2               0x2000'0090     0x2  Data  Gb  STM8_program.o [1]
cnt_ms                  0x2000'0204     0x4  Data  Gb  tim.o [1]
delay_ms                 0x800'3ac7     0xe  Code  Gb  main.o [1]
exit                     0x800'3db3     0x4  Code  Gb  exit.o [2]
iapsr                   0x2000'0084     0x1  Data  Gb  STM8_program.o [1]
main                     0x800'3a85    0x42  Code  Gb  main.o [1]
rop                     0x2000'0085     0x1  Data  Gb  STM8_program.o [1]
t2                      0x2000'0089     0x1  Data  Gb  STM8_program.o [1]
timeout_EEPROM          0x2000'00a9     0x1  Data  Gb  STM8_program.o [1]
timeout_SWIM            0x2000'00a8     0x1  Data  Gb  main.o [1]
timeout_SWIM_CONFIG     0x2000'008a     0x1  Data  Gb  STM8_program.o [1]
timeout_SWIM_FLASH_READY_VERIFY
                        0x2000'008b     0x1  Data  Gb  STM8_program.o [1]
timeout_SWIM_FLASH_WR_BLOCK
                        0x2000'008c     0x1  Data  Gb  STM8_program.o [1]
timeout_SWIM_WR_VERIFY  0x2000'008d     0x1  Data  Gb  STM8_program.o [1]


[1] = C:\Projetos\STLINK\StandAlone_FINAL\StandAlone\Project\Debug\Obj
[2] = dl7M_tln.a
[3] = rt7M_tl.a
[4] = shb_l.a

  7 204 bytes of readonly  code memory
  8 874 bytes of readonly  data memory
  1 543 bytes of readwrite data memory

Errors: none
Warnings: none
